// Jest Snapshot v1, https://goo.gl/fbAQLP

exports[`FilmCardsSummary component Should render 1`] = `
<p
  className="films_summary"
>
  Summary
</p>
`;
